


ARM Macro Assembler    Page 1 


    1 00000000                 AREA             RESET, DATA, READONLY
    2 00000000                 EXPORT           __Vectors
    3 00000000         
    4 00000000         __Vectors
    5 00000000         
    6 00000000 10001000        DCD              0x10001000
    7 00000004 00000000        DCD              Reset_Handler
    8 00000008                 ALIGN
    9 00000008                 AREA             mycode, CODE, READONLY
   10 00000000                 ENTRY
   11 00000000                 EXPORT           Reset_Handler
   12 00000000         
   13 00000000         Reset_Handler
   14 00000000         
   15 00000000 4812            LDR              R0, =SRC
   16 00000002 4F13            LDR              R7, =DST
   17 00000004 F8DF 804C       LDR              R8, =DST+36
   18 00000008 4913            LDR              R1, =SRC+36
   19 0000000A F04F 0505       MOV              R5, #5
   20 0000000E         up
   21 0000000E F850 2B04       LDR              R2, [R0], #4
   22 00000012 F851 3904       LDR              R3, [R1],#-4
   23 00000016 F848 2904       STR              R2, [R8], #-4
   24 0000001A F847 3B04       STR              R3, [R7], #4
   25 0000001E 3D01            SUBS             R5, #1
   26 00000020 D1F5            BNE              up
   27 00000022         
   28 00000022         STOP
   29 00000022 E7FE            B                STOP
   30 00000024 00000123 
              00000456 
              00000789 
              00000135 
              00000157 
              00000179 
              00000182 
              00000197 
              00000166 
              00000333 SRC     DCD              0x123,0x456,0x789,0x135,0x157,0
x179,0x182,0x197,0x166,0x333
   31 0000004C         
   32 0000004C 00000000 
              00000000 
              00000024 
              00000024         AREA             mydata, DATA, READWRITE
   33 00000000 00000000 
                       DST     DCD              0
   34 00000004                 END
Command Line: --debug --xref --cpu=Cortex-M3 --apcs=interwork --depend=q3.d -oq
3.o -IC:\Keil\ARM\RV31\INC -IC:\Keil\ARM\CMSIS\Include -IC:\Keil\ARM\Inc\NXP\LP
C17xx --predefine="__EVAL SETA 1" --list=q3.lst q3.s



ARM Macro Assembler    Page 1 Alphabetic symbol ordering
Relocatable symbols

RESET 00000000

Symbol: RESET
   Definitions
      At line 1 in file q3.s
   Uses
      None
Comment: RESET unused
__Vectors 00000000

Symbol: __Vectors
   Definitions
      At line 4 in file q3.s
   Uses
      At line 2 in file q3.s
Comment: __Vectors used once
2 symbols



ARM Macro Assembler    Page 1 Alphabetic symbol ordering
Relocatable symbols

Reset_Handler 00000000

Symbol: Reset_Handler
   Definitions
      At line 13 in file q3.s
   Uses
      At line 7 in file q3.s
      At line 11 in file q3.s

SRC 00000024

Symbol: SRC
   Definitions
      At line 30 in file q3.s
   Uses
      At line 15 in file q3.s
      At line 18 in file q3.s

STOP 00000022

Symbol: STOP
   Definitions
      At line 28 in file q3.s
   Uses
      At line 29 in file q3.s
Comment: STOP used once
mycode 00000000

Symbol: mycode
   Definitions
      At line 9 in file q3.s
   Uses
      None
Comment: mycode unused
up 0000000E

Symbol: up
   Definitions
      At line 20 in file q3.s
   Uses
      At line 26 in file q3.s
Comment: up used once
5 symbols



ARM Macro Assembler    Page 1 Alphabetic symbol ordering
Relocatable symbols

DST 00000000

Symbol: DST
   Definitions
      At line 33 in file q3.s
   Uses
      At line 16 in file q3.s
      At line 17 in file q3.s

mydata 00000000

Symbol: mydata
   Definitions
      At line 32 in file q3.s
   Uses
      None
Comment: mydata unused
2 symbols
342 symbols in table
