


ARM Macro Assembler    Page 1 


    1 00000000                 AREA             reset,DATA,READONLY
    2 00000000                 EXPORT           __Vectors
    3 00000000         __Vectors
    4 00000000 10001000        DCD              0x10001000
    5 00000004 00000000        DCD              Reset_Handler
    6 00000008                 ALIGN
    7 00000008                 AREA             mycode,CODE,READONLY
    8 00000000                 EXPORT           Reset_Handler
    9 00000000                 ENTRY
   10 00000000         Reset_Handler
   11 00000000 4812            LDR              R0,=SRC+(N)*4
   12 00000002 4913            LDR              R1,=SAI+(N)*4
   13 00000004 4A13            LDR              R2,=DST+(N)*4
   14 00000006 F04F 0300       LDR              R3,=0x00000000
   15 0000000A F44F 7A80       LDR              R10,=0x00000100
   16 0000000E F04F 0404       MOV              R4,#4
   17 00000012         
   18 00000012         LOOP
   19 00000012 EB50 0301       ADCS             R3,R0,R1
   20 00000016 F850 A904       LDR              R10,[R0],#-4
   21 0000001A F851 A904       LDR              R10,[R1],#-4
   22 0000001E 6013            STR              R3,[R2]
   23 00000020 F852 A904       LDR              R10,[R2],#-4
   24 00000024 3C01            SUBS             R4,#1
   25 00000026 D1F4            BNE              LOOP
   26 00000028         STOP
   27 00000028 E7FE            B                STOP
   28 0000002A 00000003 
                       N       EQU              3
   29 0000002A 00 00 00000010 
              00000011 
              00000012 
              00000013 SRC     DCD              0x00000010,0x00000011,0x0000001
2,0x00000013
   30 0000003C 00000020 
              00000021 
              00000022 
              00000023 SAI     DCD              0x00000020,0x00000021,0x0000002
2,0x00000023
   31 0000004C 0000000C 
              0000000C 
              0000000C         AREA             result,DATA,READWRITE
   32 00000000 00000000 
                       DST     DCD              0x0
   33 00000004                 END
Command Line: --debug --xref --cpu=Cortex-M3 --apcs=interwork --depend=q2.d -oq
2.o -IC:\Keil\ARM\RV31\INC -IC:\Keil\ARM\CMSIS\Include -IC:\Keil\ARM\Inc\NXP\LP
C17xx --predefine="__EVAL SETA 1" --list=q2.lst q2.s



ARM Macro Assembler    Page 1 Alphabetic symbol ordering
Relocatable symbols

__Vectors 00000000

Symbol: __Vectors
   Definitions
      At line 3 in file q2.s
   Uses
      At line 2 in file q2.s
Comment: __Vectors used once
reset 00000000

Symbol: reset
   Definitions
      At line 1 in file q2.s
   Uses
      None
Comment: reset unused
2 symbols



ARM Macro Assembler    Page 1 Alphabetic symbol ordering
Relocatable symbols

LOOP 00000012

Symbol: LOOP
   Definitions
      At line 18 in file q2.s
   Uses
      At line 25 in file q2.s
Comment: LOOP used once
Reset_Handler 00000000

Symbol: Reset_Handler
   Definitions
      At line 10 in file q2.s
   Uses
      At line 5 in file q2.s
      At line 8 in file q2.s

SAI 0000003C

Symbol: SAI
   Definitions
      At line 30 in file q2.s
   Uses
      At line 12 in file q2.s
Comment: SAI used once
SRC 0000002C

Symbol: SRC
   Definitions
      At line 29 in file q2.s
   Uses
      At line 11 in file q2.s
Comment: SRC used once
STOP 00000028

Symbol: STOP
   Definitions
      At line 26 in file q2.s
   Uses
      At line 27 in file q2.s
Comment: STOP used once
mycode 00000000

Symbol: mycode
   Definitions
      At line 7 in file q2.s
   Uses
      None
Comment: mycode unused
6 symbols



ARM Macro Assembler    Page 1 Alphabetic symbol ordering
Relocatable symbols

DST 00000000

Symbol: DST
   Definitions
      At line 32 in file q2.s
   Uses
      At line 13 in file q2.s
Comment: DST used once
result 00000000

Symbol: result
   Definitions
      At line 31 in file q2.s
   Uses
      None
Comment: result unused
2 symbols



ARM Macro Assembler    Page 1 Alphabetic symbol ordering
Absolute symbols

N 00000003

Symbol: N
   Definitions
      At line 28 in file q2.s
   Uses
      At line 11 in file q2.s
      At line 12 in file q2.s
      At line 13 in file q2.s

1 symbol
344 symbols in table
